// Jest Snapshot v1, https://goo.gl/fbAQLP

exports[`Render components render Home 1`] = `null`;

exports[`Render components render NavBar 1`] = `
<nav
  className="navbox"
>
  <h2>
    <a
      className="link"
      href="/"
      onClick={[Function]}
    >
      COVID-STATS
    </a>
  </h2>
  <ul
    className="list"
  >
    <li
      className="item"
    >
      <i
        fill="currentColor"
        style={
          Object {
            "display": "inline-block",
          }
        }
      >
        <svg
          fill="none"
          height={18}
          stroke="currentColor"
          strokeLinecap="round"
          strokeLinejoin="round"
          strokeWidth="2"
          style={
            Object {
              "display": "inline-block",
              "verticalAlign": "middle",
            }
          }
          viewBox="0 0 24 24"
          width={18}
        >
          <path
            d="M12 1a3 3 0 0 0-3 3v8a3 3 0 0 0 6 0V4a3 3 0 0 0-3-3z"
          />
          <path
            d="M19 10v2a7 7 0 0 1-14 0v-2"
          />
          <line
            x1="12"
            x2="12"
            y1="19"
            y2="23"
          />
          <line
            x1="8"
            x2="16"
            y1="23"
            y2="23"
          />
        </svg>
      </i>
    </li>
    <li
      className="item"
    >
      <i
        fill="currentColor"
        style={
          Object {
            "display": "inline-block",
          }
        }
      >
        <svg
          fill="none"
          height={18}
          stroke="currentColor"
          strokeLinecap="round"
          strokeLinejoin="round"
          strokeWidth="2"
          style={
            Object {
              "display": "inline-block",
              "verticalAlign": "middle",
            }
          }
          viewBox="0 0 24 24"
          width={18}
        >
          <circle
            cx="12"
            cy="12"
            r="3"
          />
          <path
            d="M19.4 15a1.65 1.65 0 0 0 .33 1.82l.06.06a2 2 0 0 1 0 2.83 2 2 0 0 1-2.83 0l-.06-.06a1.65 1.65 0 0 0-1.82-.33 1.65 1.65 0 0 0-1 1.51V21a2 2 0 0 1-2 2 2 2 0 0 1-2-2v-.09A1.65 1.65 0 0 0 9 19.4a1.65 1.65 0 0 0-1.82.33l-.06.06a2 2 0 0 1-2.83 0 2 2 0 0 1 0-2.83l.06-.06a1.65 1.65 0 0 0 .33-1.82 1.65 1.65 0 0 0-1.51-1H3a2 2 0 0 1-2-2 2 2 0 0 1 2-2h.09A1.65 1.65 0 0 0 4.6 9a1.65 1.65 0 0 0-.33-1.82l-.06-.06a2 2 0 0 1 0-2.83 2 2 0 0 1 2.83 0l.06.06a1.65 1.65 0 0 0 1.82.33H9a1.65 1.65 0 0 0 1-1.51V3a2 2 0 0 1 2-2 2 2 0 0 1 2 2v.09a1.65 1.65 0 0 0 1 1.51 1.65 1.65 0 0 0 1.82-.33l.06-.06a2 2 0 0 1 2.83 0 2 2 0 0 1 0 2.83l-.06.06a1.65 1.65 0 0 0-.33 1.82V9a1.65 1.65 0 0 0 1.51 1H21a2 2 0 0 1 2 2 2 2 0 0 1-2 2h-.09a1.65 1.65 0 0 0-1.51 1z"
          />
        </svg>
      </i>
    </li>
  </ul>
</nav>
`;
